// Jest Snapshot v1, https://goo.gl/fbAQLP

exports[`Given a NavHome component When it is rendered Then the it matches the snapshot 1`] = `
<nav
  class="nav__user-area"
>
  <button
    class="nav__button nav__button--login"
  >
     LOG 
    <span>
      IN
    </span>
  </button>
  <button
    class="nav__button nav__button--signup"
  >
     SIGN 
    <span>
      UP
    </span>
  </button>
</nav>
`;
